error: multiple #[prost_reflect] attributes
 --> tests/duplicate_attr.rs:5:1
  |
5 | #[prost_reflect(file_descriptor = "FILE_DESCRIPTOR", message_name = "msg")]
  | ^
